[{"Title":"Title1","Source":"Source1","Memo":"Memo1","Tags":"Tag1","Reference":"Reference1","Created":"2022-08-23T20:12:55.268+09:00"},{"Title":"Title2","Source":"Source2","Memo":"Memo2","Tags":"Tag2","Reference":"Reference2","Created":"2022-11-23T20:12:55.268+09:00"}]