{"Title":"Title1","Source":"Source1","Memo":"Memo1","Tags":"Tag1","Reference":"Reference1","Created":"2022-08-23T20:12:55.268+09:00"}